   Compiling omni-compiler v0.2.0 (C:\Users\siddh\Downloads\ABC\Omni\crates\omni-compiler)
error[E0603]: module `mir_optimize` is private
  --> crates\omni-compiler\tests\mir_optimize.rs:3:20
   |
 3 | use omni_compiler::mir_optimize;
   |                    ^^^^^^^^^^^^ private module
   |
note: the module `mir_optimize` is defined here
  --> crates\omni-compiler\src\lib.rs:31:1
   |
31 | mod mir_optimize;
   | ^^^^^^^^^^^^^^^^

For more information about this error, try `rustc --explain E0603`.
error: could not compile `omni-compiler` (test "mir_optimize") due to 1 previous error
warning: build failed, waiting for other jobs to finish...
