 Downloading crates ...
  Downloaded fastrand v2.5.0
  Downloaded getrandom v0.4.3
   Compiling serde_core v1.0.229
   Compiling serde v1.0.229
   Compiling memchr v2.8.3
   Compiling getrandom v0.4.3
   Compiling zmij v1.0.23
   Compiling fastrand v2.5.0
   Compiling typenum v1.20.1
   Compiling hashbrown v0.17.1
   Compiling thiserror v1.0.69
   Compiling bitflags v2.13.1
   Compiling generic-array v0.14.7
   Compiling tempfile v3.27.0
   Compiling crypto-common v0.1.7
   Compiling block-buffer v0.10.4
   Compiling digest v0.10.7
   Compiling sha2 v0.10.9
   Compiling serde_json v1.0.151
   Compiling indexmap v2.14.1
   Compiling hashbrown v0.16.1
   Compiling wasmparser v0.246.2
   Compiling omni-compiler v0.2.0 (C:\Users\siddh\Downloads\ABC\Omni\crates\omni-compiler)
   Compiling omni-selfhost v0.2.0 (C:\Users\siddh\Downloads\ABC\Omni\crates\omni-selfhost)
   Compiling codegen-wasm v0.2.0 (C:\Users\siddh\Downloads\ABC\Omni\crates\codegen-wasm)
   Compiling omni-stage0 v0.2.0 (C:\Users\siddh\Downloads\ABC\Omni\crates\omni-stage0)
error[E0603]: module `mir` is private
  --> crates\omni-compiler\tests\mir_multi_block.rs:1:20
   |
 1 | use omni_compiler::mir;
   |                    ^^^ private module
   |
note: the module `mir` is defined here
  --> crates\omni-compiler\src\lib.rs:30:1
   |
30 | mod mir;
   | ^^^^^^^

error[E0603]: module `mir` is private
  --> crates\omni-compiler\tests\mir_borrow_checks.rs:1:20
   |
 1 | use omni_compiler::mir;
   |                    ^^^ private module
   |
note: the module `mir` is defined here
  --> crates\omni-compiler\src\lib.rs:30:1
   |
30 | mod mir;
   | ^^^^^^^

For more information about this error, try `rustc --explain E0603`.
error: could not compile `omni-compiler` (test "mir_multi_block") due to 1 previous error
warning: build failed, waiting for other jobs to finish...
error: could not compile `omni-compiler` (test "mir_borrow_checks") due to 1 previous error
error[E0603]: module `mir` is private
  --> crates\omni-compiler\tests\mir_field_projection.rs:1:20
   |
 1 | use omni_compiler::mir::{BasicBlock, Instruction, MirFunction, MirModule};
   |                    ^^^   ---------- struct `BasicBlock` is not publicly re-exported
   |                    |
   |                    private module
   |
note: the module `mir` is defined here
  --> crates\omni-compiler\src\lib.rs:30:1
   |
30 | mod mir;
   | ^^^^^^^

error[E0603]: module `mir` is private
  --> crates\omni-compiler\tests\mir_field_projection.rs:1:20
   |
 1 | use omni_compiler::mir::{BasicBlock, Instruction, MirFunction, MirModule};
   |                    ^^^               ----------- enum `Instruction` is not publicly re-exported
   |                    |
   |                    private module
   |
note: the module `mir` is defined here
  --> crates\omni-compiler\src\lib.rs:30:1
   |
30 | mod mir;
   | ^^^^^^^

error[E0603]: module `mir` is private
  --> crates\omni-compiler\tests\mir_field_projection.rs:1:20
   |
 1 | use omni_compiler::mir::{BasicBlock, Instruction, MirFunction, MirModule};
   |                    ^^^ private module             ----------- struct `MirFunction` is not publicly re-exported
   |
note: the module `mir` is defined here
  --> crates\omni-compiler\src\lib.rs:30:1
   |
30 | mod mir;
   | ^^^^^^^

error[E0603]: module `mir` is private
  --> crates\omni-compiler\tests\mir_field_projection.rs:1:20
   |
 1 | use omni_compiler::mir::{BasicBlock, Instruction, MirFunction, MirModule};
   |                    ^^^ private module                          --------- struct `MirModule` is not publicly re-exported
   |
note: the module `mir` is defined here
  --> crates\omni-compiler\src\lib.rs:30:1
   |
30 | mod mir;
   | ^^^^^^^

error: could not compile `omni-compiler` (test "mir_field_projection") due to 4 previous errors
