    Checking serde v1.0.228
    Checking codegen-native v0.1.4 (/mnt/data/omni_continue/Omni-v0.1.3/crates/codegen-native)
    Checking serde_json v1.0.149
    Checking rustix v1.1.4
    Checking getrandom v0.4.2
    Checking fastrand v2.4.1
    Checking once_cell v1.21.4
    Checking foldhash v0.2.0
    Checking hashbrown v0.17.0
    Checking equivalent v1.0.2
    Checking hashbrown v0.16.1
    Checking omni-compiler v0.1.4 (/mnt/data/omni_continue/Omni-v0.1.3/crates/omni-compiler)
    Checking indexmap v2.14.0
    Checking codegen-cranelift v0.1.4 (/mnt/data/omni_continue/Omni-v0.1.3/crates/codegen-cranelift)
    Checking codegen-mlir v0.1.4 (/mnt/data/omni_continue/Omni-v0.1.3/crates/codegen-mlir)
    Checking semver v1.0.28
    Checking codegen-wasm v0.1.4 (/mnt/data/omni_continue/Omni-v0.1.3/crates/codegen-wasm)
    Checking codegen-llvm v0.1.4 (/mnt/data/omni_continue/Omni-v0.1.3/crates/codegen-llvm)
    Checking polonius_engine_adapter v0.1.4 (/mnt/data/omni_continue/Omni-v0.1.3/crates/polonius_engine_adapter)
    Checking wasmparser v0.246.2
    Checking tempfile v3.27.0
    Checking lir v0.1.4 (/mnt/data/omni_continue/Omni-v0.1.3/crates/lir)
    Checking omni-release v0.1.4 (/mnt/data/omni_continue/Omni-v0.1.3/crates/omni-release)
    Checking polonius_engine_mock v0.1.4 (/mnt/data/omni_continue/Omni-v0.1.3/crates/polonius_engine_mock)
    Checking omni-stdlib v0.1.4 (/mnt/data/omni_continue/Omni-v0.1.3/crates/omni-stdlib)
    Checking omni-selfhost v0.1.4 (/mnt/data/omni_continue/Omni-v0.1.3/crates/omni-selfhost)
    Checking fuzz_harness v0.1.4 (/mnt/data/omni_continue/Omni-v0.1.3/crates/fuzz_harness)
    Checking omni-stage0 v0.1.4 (/mnt/data/omni_continue/Omni-v0.1.3/crates/omni-stage0)
    Finished `dev` profile [unoptimized + debuginfo] target(s) in 6.18s
